Downloading https://services.gradle.org/distributions/gradle-8.14.3-all.zip
.....................10%.....................20%......................30%.....................40%......................50%.....................60%.....................70%......................80%.....................90%......................100%

Welcome to Gradle 8.14.3!

Here are the highlights of this release:
 - Java 24 support
 - GraalVM Native Image toolchain selection
 - Enhancements to test reporting
 - Build Authoring improvements

For more details see https://docs.gradle.org/8.14.3/release-notes.html

Starting a Gradle Daemon (subsequent builds will be faster)
